Copyright 1986-2022 Xilinx, Inc. All Rights Reserved. Copyright 2022-2025 Advanced Micro Devices, Inc. All Rights Reserved.
---------------------------------------------------------------------------------------------------------------------------------------------------------------
| Tool Version : Vivado v.2025.2 (lin64) Build 6299465 Fri Nov 14 12:34:56 MST 2025
| Date         : Mon Jun  1 20:21:28 2026
| Host         : jkelleylaptop running 64-bit Linux Mint 22.3
| Command      : report_drc -file zb_blinky_block3_wrapper_drc_opted.rpt -pb zb_blinky_block3_wrapper_drc_opted.pb -rpx zb_blinky_block3_wrapper_drc_opted.rpx
| Design       : zb_blinky_block3_wrapper
| Device       : xc7z020clg484-1
| Speed File   : -1
| Design State : Synthesized
---------------------------------------------------------------------------------------------------------------------------------------------------------------

Report DRC

Table of Contents
-----------------
1. REPORT SUMMARY
2. REPORT DETAILS

1. REPORT SUMMARY
-----------------
            Netlist: netlist
          Floorplan: design_1
      Design limits: <entire design considered>
           Ruledeck: default
             Max checks: <unlimited>
             Checks found: 1
+--------+----------+--------------------------+--------+
| Rule   | Severity | Description              | Checks |
+--------+----------+--------------------------+--------+
| BUFC-1 | Warning  | Input Buffer Connections | 1      |
+--------+----------+--------------------------+--------+

2. REPORT DETAILS
-----------------
BUFC-1#1 Warning
Input Buffer Connections  
Input buffer esp32_pmod_pin2_iobuf/IBUF (in esp32_pmod_pin2_iobuf macro) has no loads. It is recommended to have an input buffer drive an internal load.
Related violations: <none>


